🚀 啟動數位孿生偵察員 (目標 Prompt: twin_scout_mission)...
✅ [Scout] Core Services Initialized.
Both GOOGLE_API_KEY and GEMINI_API_KEY are set. Using GOOGLE_API_KEY.
🕵️‍♀️ [Scout] Inspecting Alice (Sales) (alice@archon.com) -> /marketing...
⏳ [Scout] API Strain (503 UNAVAILABLE). Retrying in 2s... (1/3)
⏳ [Scout] API Strain (503 UNAVAILABLE). Retrying in 4s... (2/3)
⏳ [Scout] API Strain (503 UNAVAILABLE). Retrying in 8s... (3/3)
✅ [Scout] Analysis complete for Alice (Sales).
🕵️‍♀️ [Scout] Inspecting Bob (Marketing) (bob@archon.com) -> /brand...
⏳ [Scout] API Strain (503 UNAVAILABLE). Retrying in 2s... (1/3)
⏳ [Scout] API Strain (503 UNAVAILABLE). Retrying in 4s... (2/3)
⏳ [Scout] API Strain (503 UNAVAILABLE). Retrying in 8s... (3/3)
✅ [Scout] Analysis complete for Bob (Marketing).
🕵️‍♀️ [Scout] Inspecting Charlie (Manager Nexus) (charlie@archon.com) -> /nexus...
❌ [Scout] Charlie (Manager Nexus) FAILED: Page.wait_for_selector: Timeout 30000ms exceeded.
Call log:
  - waiting for locator("canvas, .recharts-responsive-container") to be visible
    - locator resolved to visible <div class="recharts-responsive-container">…</div>

🕵️‍♀️ [Scout] Inspecting David Howard (Admin) (admin@archon.com) -> /admin...
⏳ [Scout] API Strain (503 UNAVAILABLE). Retrying in 2s... (1/3)
⏳ [Scout] API Strain (503 UNAVAILABLE). Retrying in 4s... (2/3)
⏳ [Scout] API Strain (503 UNAVAILABLE). Retrying in 8s... (3/3)
✅ [Scout] Analysis complete for David Howard (Admin).
🕵️‍♀️ [Scout] Inspecting DevBot (Agent) (dev.bot@archon.com) -> /dashboard...
⏳ [Scout] API Strain (503 UNAVAILABLE). Retrying in 2s... (1/3)
⏳ [Scout] API Strain (503 UNAVAILABLE). Retrying in 4s... (2/3)
⏳ [Scout] API Strain (503 UNAVAILABLE). Retrying in 8s... (3/3)
✅ [Scout] Analysis complete for DevBot (Agent).
📄 [Scout] Final Report saved: ./.twin/diagnostics/report_20260427_075026.md
📡 [Scout] Diagnosis logged to archon_logs as INFO.
🚀 [Scout] Self-tuning optimizations applied to AgentRegistry.
