🚀 啟動數位孿生偵察員 (目標 Prompt: twin_scout_mission)...
✅ [Scout] Core Services Initialized.
Both GOOGLE_API_KEY and GEMINI_API_KEY are set. Using GOOGLE_API_KEY.
🕵️‍♀️ [Scout] Inspecting Alice (Sales) (alice@archon.com) -> /marketing...
⏳ [Scout] API Strain (503 UNAVAILABLE). Retrying in 2s... (1/3)
⏳ [Scout] API Strain (503 UNAVAILABLE). Retrying in 4s... (2/3)
✅ [Scout] Analysis complete for Alice (Sales).
🕵️‍♀️ [Scout] Inspecting Bob (Marketing) (bob@archon.com) -> /brand...
⏳ [Scout] API Strain (503 UNAVAILABLE). Retrying in 2s... (1/3)
⏳ [Scout] API Strain (503 UNAVAILABLE). Retrying in 4s... (2/3)
⏳ [Scout] API Strain (503 UNAVAILABLE). Retrying in 8s... (3/3)
✅ [Scout] Analysis complete for Bob (Marketing).
🕵️‍♀️ [Scout] Inspecting Charlie (Manager Nexus) (charlie@archon.com) -> /nexus...
⏳ [Scout] API Strain (503 UNAVAILABLE). Retrying in 2s... (1/3)
⏳ [Scout] API Strain (503 UNAVAILABLE). Retrying in 4s... (2/3)
⏳ [Scout] API Strain (503 UNAVAILABLE). Retrying in 8s... (3/3)
✅ [Scout] Analysis complete for Charlie (Manager Nexus).
🕵️‍♀️ [Scout] Inspecting David Howard (Admin) (admin@archon.com) -> /admin...
⏳ [Scout] API Strain (503 UNAVAILABLE). Retrying in 2s... (1/3)
make: *** [twin-scout] Hangup: 1
