🤖 Librarian Robot: Initialized.
📂 Scanning directories: ['enduser-ui-fe/public/aus/156_resource', 'enduser-ui-fe/public/assets/videos/auto_demos']
📄 Scanning system files: ['CONTRIBUTING_tw.md']
📄 Archiving: integration_casestudy_wItem.md (7528 chars, type: technical)...
KnowledgeRepository: Failed to insert crawled page(s): {'message': 'duplicate key value violates unique constraint "archon_crawled_pages_url_chunk_number_key"', 'code': '23505', 'hint': None, 'details': 'Key (url, chunk_number)=(file:///Users/vincenta/GoogleKwok022/Archon/enduser-ui-fe/public/aus/156_resource/integration_casestudy_wItem.md#chunk=0, 0) already exists.'}
   ✅ Done! ID: file-integrationcasestudywitemmd-9fea502f
📄 Archiving: archon_core_overview.md (540 chars, type: technical)...
KnowledgeRepository: Failed to insert crawled page(s): {'message': 'duplicate key value violates unique constraint "archon_crawled_pages_url_chunk_number_key"', 'code': '23505', 'hint': None, 'details': 'Key (url, chunk_number)=(file:///Users/vincenta/GoogleKwok022/Archon/enduser-ui-fe/public/aus/156_resource/archon_core_overview.md#chunk=0, 0) already exists.'}
   ✅ Done! ID: file-archoncoreoverviewmd-1d10e464
📄 Archiving: backend.md (11635 chars, type: technical)...
KnowledgeRepository: Failed to insert crawled page(s): {'message': 'duplicate key value violates unique constraint "archon_crawled_pages_url_chunk_number_key"', 'code': '23505', 'hint': None, 'details': 'Key (url, chunk_number)=(file:///Users/vincenta/GoogleKwok022/Archon/enduser-ui-fe/public/aus/156_resource/backend.md#chunk=0, 0) already exists.'}
   ✅ Done! ID: file-backendmd-6fbebaf7
📄 Archiving: user_interface.md (1832 chars, type: technical)...
KnowledgeRepository: Failed to insert crawled page(s): {'message': 'duplicate key value violates unique constraint "archon_crawled_pages_url_chunk_number_key"', 'code': '23505', 'hint': None, 'details': 'Key (url, chunk_number)=(file:///Users/vincenta/GoogleKwok022/Archon/enduser-ui-fe/public/aus/156_resource/user_interface.md#chunk=0, 0) already exists.'}
   ✅ Done! ID: file-userinterfacemd-76e5d05c
⚠️  Skipping unsupported file type: personal_setting.png
⚠️  Skipping unsupported file type: 螢幕擷取畫面 2025-08-05 161200.png
⚠️  Skipping unsupported file type: req_2_gpt_prompt.docx
⚠️  Skipping unsupported file type: 999_work_contract.docx
⚠️  Skipping unsupported file type: 160_south_africa_lithium_battery_market_bp.docx
⚠️  Skipping unsupported file type: software_integration_strategy_and_performance_planning.docx
⚠️  Skipping unsupported file type: 150_integration_study.docx
📄 Archiving: a.pdf (36262 chars, type: technical)...
KnowledgeRepository: Failed to insert crawled page(s): {'message': 'duplicate key value violates unique constraint "archon_crawled_pages_url_chunk_number_key"', 'code': '23505', 'hint': None, 'details': 'Key (url, chunk_number)=(file:///Users/vincenta/GoogleKwok022/Archon/enduser-ui-fe/public/aus/156_resource/pdfs/a.pdf#chunk=0, 0) already exists.'}
   ✅ Done! ID: file-apdf-aec04e16
📄 Archiving: c.pdf (41682 chars, type: technical)...
   ✅ Done! ID: file-cpdf-fc8934a9
📄 Archiving: b.pdf (36262 chars, type: technical)...
   ✅ Done! ID: file-bpdf-4fd3f6b3
📄 Archiving: d.pdf (29363 chars, type: technical)...
   ✅ Done! ID: file-dpdf-b3c0d210
📄 Archiving: gemini_intro.mp4 (38 chars, type: marketing)...
   ✅ Done! ID: file-geminiintromp4-4c61668d
📄 Archiving: CONTRIBUTING_tw.md (31099 chars, type: technical)...
   ✅ Done! ID: file-contributingtwmd-73ab4c54

🎉 Seeding Complete. Processed 10/10 files.
